MAIN                                                                                                          PAGE 1

                       1    $MOD51  
0000 759000            2                    MOV P1,#00H
0003 758000            3                    MOV P0,#00H
                       4    
0006 7400              5                    MOV A , #00H
                       6    ; CHECK THE VALUE 0F INPUT
0008 309002            7                    JNB P1.0, L1
000B 2401              8                    ADD A , #01H
                       9    
000D 309102           10            L1: JNB P1.1, L2
0010 2402             11                    ADD A , #02H
                      12    
0012 309202           13            L2: JNB P1.2, L3
0015 2404             14                    ADD A , #04H
                      15    
0017 309302           16            L3: JNB P1.3, L4
001A 2408             17                    ADD A , #08H
                      18                    
                      19    ; MAP THE INPUT TO OUTPUT
001C F5F0             20            L4: MOV B, A
001E B40006           21                    CJNE A,#00H ,L5 
0021 75803F           22                    MOV P0,#3FH
0024 0200C0           23                    LJMP L16
                      24    
0027 E5F0             25            L5: MOV A,B
0029 B40106           26                    CJNE A,#01H ,L6
002C 758006           27                    MOV P0,#06H
002F 0200C0           28                    LJMP L16
                      29    
0032 E5F0             30            L6: MOV A,B
0034 B40206           31                    CJNE A,#02H ,L7
0037 75805B           32                    MOV P0,#5BH
003A 0200C0           33                    LJMP L16
                      34    
003D E5F0             35            L7: MOV A,B
003F B40306           36                    CJNE A,#03H ,L8
0042 75804F           37                    MOV P0,#4FH
0045 0200C0           38                    LJMP L16
                      39    
0048 E5F0             40            L8: MOV A,B
004A B40406           41                    CJNE A,#04H ,L9
004D 758066           42                    MOV P0,#66H
0050 0200C0           43                    LJMP L16
                      44    
0053 E5F0             45            L9: MOV A,B
0055 B40506           46                    CJNE A,#05H ,L10
0058 75806D           47                    MOV P0,#6DH
005B 0200C0           48                    LJMP L16
                      49    
005E E5F0             50       L10: MOV A,B
0060 B40605           51                    CJNE A,#06H ,L11
0063 75807D           52                    MOV P0,#7DH
0066 8058             53                    SJMP L16
                      54    
0068 E5F0             55       L11: MOV A,B
006A B40705           56                    CJNE A,#07H ,L12
006D 758007           57                    MOV P0,#07H
0070 804E             58                    SJMP L16
MAIN                                                                                                          PAGE 2

                      59    
0072 E5F0             60       L12: MOV A,B
0074 B40805           61                    CJNE A,#08H ,L13
0077 75807F           62                    MOV P0,#7FH
007A 8044             63                    SJMP L16
                      64    
007C E5F0             65       L13: MOV A,B
007E B40905           66                    CJNE A,#09H ,L14
0081 758067           67                    MOV P0,#67H
0084 803A             68                    SJMP L16
                      69    
0086 E5F0             70       L14: MOV A,B
0088 B40A05           71                    CJNE A,#0AH ,L15
008B 758077           72                    MOV P0,#77H
008E 8030             73                    SJMP L16
                      74    
0090 E5F0             75       L15: MOV A,B
0092 B40B05           76                    CJNE A,#0BH ,L17
0095 75807C           77                    MOV P0,#7CH
0098 8026             78                    SJMP L16
                      79    
009A E5F0             80       L17: MOV A,B
009C B40C05           81                    CJNE A,#0CH ,L18
009F 758039           82                    MOV P0,#39H
00A2 801C             83                    SJMP L16
                      84    
00A4 E5F0             85       L18: MOV A,B
00A6 B40D05           86                    CJNE A,#0DH ,L19
00A9 75805E           87                    MOV P0,#5EH
00AC 8012             88                    SJMP L16
                      89    
00AE E5F0             90       L19: MOV A,B
00B0 B40E05           91                    CJNE A,#0EH ,L20
00B3 758079           92                    MOV P0,#79H
00B6 8008             93                    SJMP L16
                      94    
00B8 E5F0             95       L20: MOV A,B
00BA B40F03           96                    CJNE A,#0FH ,L16
00BD 758071           97                    MOV P0,#71H
                      98    
00C0 00               99       L16: NOP
                     100                    
                     101      
                     102    END

VERSION 1.2k ASSEMBLY COMPLETE, 0 ERRORS FOUND
MAIN                                                                                                          PAGE 3

B. . . . . . . . . . . . . . . .  D ADDR  00F0H  PREDEFINED  
L1 . . . . . . . . . . . . . . .  C ADDR  000DH  
L10. . . . . . . . . . . . . . .  C ADDR  005EH  
L11. . . . . . . . . . . . . . .  C ADDR  0068H  
L12. . . . . . . . . . . . . . .  C ADDR  0072H  
L13. . . . . . . . . . . . . . .  C ADDR  007CH  
L14. . . . . . . . . . . . . . .  C ADDR  0086H  
L15. . . . . . . . . . . . . . .  C ADDR  0090H  
L16. . . . . . . . . . . . . . .  C ADDR  00C0H  
L17. . . . . . . . . . . . . . .  C ADDR  009AH  
L18. . . . . . . . . . . . . . .  C ADDR  00A4H  
L19. . . . . . . . . . . . . . .  C ADDR  00AEH  
L2 . . . . . . . . . . . . . . .  C ADDR  0012H  
L20. . . . . . . . . . . . . . .  C ADDR  00B8H  
L3 . . . . . . . . . . . . . . .  C ADDR  0017H  
L4 . . . . . . . . . . . . . . .  C ADDR  001CH  
L5 . . . . . . . . . . . . . . .  C ADDR  0027H  
L6 . . . . . . . . . . . . . . .  C ADDR  0032H  
L7 . . . . . . . . . . . . . . .  C ADDR  003DH  
L8 . . . . . . . . . . . . . . .  C ADDR  0048H  
L9 . . . . . . . . . . . . . . .  C ADDR  0053H  
P0 . . . . . . . . . . . . . . .  D ADDR  0080H  PREDEFINED  
P1 . . . . . . . . . . . . . . .  D ADDR  0090H  PREDEFINED  
